Archive member included to satisfy reference by file (symbol)

/usr/lib/gcc/arm-none-eabi/13.2.1/../../../arm-none-eabi/lib/thumb/v7e-m+fp/hard/libc_nano.a(libc_a-init.o)
                              /usr/lib/gcc/arm-none-eabi/13.2.1/../../../arm-none-eabi/lib/thumb/v7e-m+fp/hard/crt0.o (__libc_init_array)
/usr/lib/gcc/arm-none-eabi/13.2.1/../../../arm-none-eabi/lib/thumb/v7e-m+fp/hard/libc_nano.a(libc_a-memset.o)
                              /usr/lib/gcc/arm-none-eabi/13.2.1/../../../arm-none-eabi/lib/thumb/v7e-m+fp/hard/crt0.o (memset)
/usr/lib/gcc/arm-none-eabi/13.2.1/../../../arm-none-eabi/lib/thumb/v7e-m+fp/hard/libc_nano.a(libc_a-exit.o)
                              /usr/lib/gcc/arm-none-eabi/13.2.1/../../../arm-none-eabi/lib/thumb/v7e-m+fp/hard/crt0.o (exit)
/usr/lib/gcc/arm-none-eabi/13.2.1/../../../arm-none-eabi/lib/thumb/v7e-m+fp/hard/libc_nano.a(libc_a-atexit.o)
                              /usr/lib/gcc/arm-none-eabi/13.2.1/../../../arm-none-eabi/lib/thumb/v7e-m+fp/hard/crt0.o (atexit)
/usr/lib/gcc/arm-none-eabi/13.2.1/../../../arm-none-eabi/lib/thumb/v7e-m+fp/hard/libc_nano.a(libc_a-fini.o)
                              /usr/lib/gcc/arm-none-eabi/13.2.1/../../../arm-none-eabi/lib/thumb/v7e-m+fp/hard/crt0.o (__libc_fini_array)
/usr/lib/gcc/arm-none-eabi/13.2.1/../../../arm-none-eabi/lib/thumb/v7e-m+fp/hard/libc_nano.a(libc_a-findfp.o)
                              /usr/lib/gcc/arm-none-eabi/13.2.1/../../../arm-none-eabi/lib/thumb/v7e-m+fp/hard/libc_nano.a(libc_a-exit.o) (__stdio_exit_handler)
/usr/lib/gcc/arm-none-eabi/13.2.1/../../../arm-none-eabi/lib/thumb/v7e-m+fp/hard/libc_nano.a(libc_a-fflush.o)
                              /usr/lib/gcc/arm-none-eabi/13.2.1/../../../arm-none-eabi/lib/thumb/v7e-m+fp/hard/libc_nano.a(libc_a-findfp.o) (_fflush_r)
/usr/lib/gcc/arm-none-eabi/13.2.1/../../../arm-none-eabi/lib/thumb/v7e-m+fp/hard/libc_nano.a(libc_a-mallocr.o)
                              /usr/lib/gcc/arm-none-eabi/13.2.1/../../../arm-none-eabi/lib/thumb/v7e-m+fp/hard/libc_nano.a(libc_a-findfp.o) (_malloc_r)
/usr/lib/gcc/arm-none-eabi/13.2.1/../../../arm-none-eabi/lib/thumb/v7e-m+fp/hard/libc_nano.a(libc_a-freer.o)
                              /usr/lib/gcc/arm-none-eabi/13.2.1/../../../arm-none-eabi/lib/thumb/v7e-m+fp/hard/libc_nano.a(libc_a-fflush.o) (_free_r)
/usr/lib/gcc/arm-none-eabi/13.2.1/../../../arm-none-eabi/lib/thumb/v7e-m+fp/hard/libc_nano.a(libc_a-fwalk.o)
                              /usr/lib/gcc/arm-none-eabi/13.2.1/../../../arm-none-eabi/lib/thumb/v7e-m+fp/hard/libc_nano.a(libc_a-findfp.o) (_fwalk_sglue)
/usr/lib/gcc/arm-none-eabi/13.2.1/../../../arm-none-eabi/lib/thumb/v7e-m+fp/hard/libc_nano.a(libc_a-__atexit.o)
                              /usr/lib/gcc/arm-none-eabi/13.2.1/../../../arm-none-eabi/lib/thumb/v7e-m+fp/hard/libc_nano.a(libc_a-atexit.o) (__register_exitproc)
/usr/lib/gcc/arm-none-eabi/13.2.1/../../../arm-none-eabi/lib/thumb/v7e-m+fp/hard/libc_nano.a(libc_a-mlock.o)
                              /usr/lib/gcc/arm-none-eabi/13.2.1/../../../arm-none-eabi/lib/thumb/v7e-m+fp/hard/libc_nano.a(libc_a-mallocr.o) (__malloc_lock)
/usr/lib/gcc/arm-none-eabi/13.2.1/../../../arm-none-eabi/lib/thumb/v7e-m+fp/hard/libc_nano.a(libc_a-sbrkr.o)
                              /usr/lib/gcc/arm-none-eabi/13.2.1/../../../arm-none-eabi/lib/thumb/v7e-m+fp/hard/libc_nano.a(libc_a-mallocr.o) (_sbrk_r)
/usr/lib/gcc/arm-none-eabi/13.2.1/../../../arm-none-eabi/lib/thumb/v7e-m+fp/hard/libc_nano.a(libc_a-stdio.o)
                              /usr/lib/gcc/arm-none-eabi/13.2.1/../../../arm-none-eabi/lib/thumb/v7e-m+fp/hard/libc_nano.a(libc_a-findfp.o) (__sread)
/usr/lib/gcc/arm-none-eabi/13.2.1/../../../arm-none-eabi/lib/thumb/v7e-m+fp/hard/libc_nano.a(libc_a-impure.o)
                              /usr/lib/gcc/arm-none-eabi/13.2.1/../../../arm-none-eabi/lib/thumb/v7e-m+fp/hard/libc_nano.a(libc_a-fflush.o) (_impure_ptr)
/usr/lib/gcc/arm-none-eabi/13.2.1/../../../arm-none-eabi/lib/thumb/v7e-m+fp/hard/libc_nano.a(libc_a-closer.o)
                              /usr/lib/gcc/arm-none-eabi/13.2.1/../../../arm-none-eabi/lib/thumb/v7e-m+fp/hard/libc_nano.a(libc_a-stdio.o) (_close_r)
/usr/lib/gcc/arm-none-eabi/13.2.1/../../../arm-none-eabi/lib/thumb/v7e-m+fp/hard/libc_nano.a(libc_a-__call_atexit.o)
                              /usr/lib/gcc/arm-none-eabi/13.2.1/../../../arm-none-eabi/lib/thumb/v7e-m+fp/hard/libc_nano.a(libc_a-__atexit.o) (__call_exitprocs)
/usr/lib/gcc/arm-none-eabi/13.2.1/../../../arm-none-eabi/lib/thumb/v7e-m+fp/hard/libc_nano.a(libc_a-readr.o)
                              /usr/lib/gcc/arm-none-eabi/13.2.1/../../../arm-none-eabi/lib/thumb/v7e-m+fp/hard/libc_nano.a(libc_a-stdio.o) (_read_r)
/usr/lib/gcc/arm-none-eabi/13.2.1/../../../arm-none-eabi/lib/thumb/v7e-m+fp/hard/libc_nano.a(libc_a-reent.o)
                              /usr/lib/gcc/arm-none-eabi/13.2.1/../../../arm-none-eabi/lib/thumb/v7e-m+fp/hard/libc_nano.a(libc_a-sbrkr.o) (errno)
[...]
Memory Configuration

Name             Origin             Length             Attributes
RAM              0x20000000         0x00020000         xrw
FLASH            0x08000000         0x00020000         xr
*default*        0x00000000         0xffffffff

Linker script and memory map

LOAD /usr/lib/gcc/arm-none-eabi/13.2.1/thumb/v7e-m+fp/hard/crti.o
LOAD /usr/lib/gcc/arm-none-eabi/13.2.1/thumb/v7e-m+fp/hard/crtbegin.o
LOAD /usr/lib/gcc/arm-none-eabi/13.2.1/../../../arm-none-eabi/lib/thumb/v7e-m+fp/hard/crt0.o
START GROUP
LOAD /usr/lib/gcc/arm-none-eabi/13.2.1/../../../arm-none-eabi/lib/thumb/v7e-m+fp/hard/libc_nano.a
LOAD /usr/lib/gcc/arm-none-eabi/13.2.1/../../../arm-none-eabi/lib/thumb/v7e-m+fp/hard/libm.a
END GROUP
LOAD CMakeFiles/usb-can-robstride.dir/App/Src/app.c.obj
LOAD CMakeFiles/usb-can-robstride.dir/Core/Src/main.c.obj
LOAD CMakeFiles/usb-can-robstride.dir/Core/Src/stm32g4xx_it.c.obj
LOAD CMakeFiles/usb-can-robstride.dir/Core/Src/stm32g4xx_hal_msp.c.obj
LOAD CMakeFiles/usb-can-robstride.dir/USB_Device/App/usb_device.c.obj
LOAD CMakeFiles/usb-can-robstride.dir/USB_Device/App/usbd_desc.c.obj
LOAD CMakeFiles/usb-can-robstride.dir/USB_Device/App/usbd_cdc_if.c.obj
LOAD CMakeFiles/usb-can-robstride.dir/USB_Device/Target/usbd_conf.c.obj
LOAD CMakeFiles/usb-can-robstride.dir/home/mfact/Toolchain/st/STM32Cube_FW_G4_V1.6.1/Drivers/STM32G4xx_HAL_Driver/Src/stm32g4xx_hal_pcd.c.obj
LOAD CMakeFiles/usb-can-robstride.dir/home/mfact/Toolchain/st/STM32Cube_FW_G4_V1.6.1/Drivers/STM32G4xx_HAL_Driver/Src/stm32g4xx_hal_pcd_ex.c.obj
LOAD CMakeFiles/usb-can-robstride.dir/home/mfact/Toolchain/st/STM32Cube_FW_G4_V1.6.1/Drivers/STM32G4xx_HAL_Driver/Src/stm32g4xx_ll_usb.c.obj
LOAD CMakeFiles/usb-can-robstride.dir/home/mfact/Toolchain/st/STM32Cube_FW_G4_V1.6.1/Drivers/STM32G4xx_HAL_Driver/Src/stm32g4xx_hal.c.obj
LOAD CMakeFiles/usb-can-robstride.dir/home/mfact/Toolchain/st/STM32Cube_FW_G4_V1.6.1/Drivers/STM32G4xx_HAL_Driver/Src/stm32g4xx_hal_rcc.c.obj
LOAD CMakeFiles/usb-can-robstride.dir/home/mfact/Toolchain/st/STM32Cube_FW_G4_V1.6.1/Drivers/STM32G4xx_HAL_Driver/Src/stm32g4xx_hal_rcc_ex.c.obj
LOAD CMakeFiles/usb-can-robstride.dir/home/mfact/Toolchain/st/STM32Cube_FW_G4_V1.6.1/Drivers/STM32G4xx_HAL_Driver/Src/stm32g4xx_hal_flash.c.obj
LOAD CMakeFiles/usb-can-robstride.dir/home/mfact/Toolchain/st/STM32Cube_FW_G4_V1.6.1/Drivers/STM32G4xx_HAL_Driver/Src/stm32g4xx_hal_flash_ex.c.obj
LOAD CMakeFiles/usb-can-robstride.dir/home/mfact/Toolchain/st/STM32Cube_FW_G4_V1.6.1/Drivers/STM32G4xx_HAL_Driver/Src/stm32g4xx_hal_flash_ramfunc.c.obj
LOAD CMakeFiles/usb-can-robstride.dir/home/mfact/Toolchain/st/STM32Cube_FW_G4_V1.6.1/Drivers/STM32G4xx_HAL_Driver/Src/stm32g4xx_hal_gpio.c.obj
LOAD CMakeFiles/usb-can-robstride.dir/home/mfact/Toolchain/st/STM32Cube_FW_G4_V1.6.1/Drivers/STM32G4xx_HAL_Driver/Src/stm32g4xx_hal_exti.c.obj
LOAD CMakeFiles/usb-can-robstride.dir/home/mfact/Toolchain/st/STM32Cube_FW_G4_V1.6.1/Drivers/STM32G4xx_HAL_Driver/Src/stm32g4xx_hal_dma.c.obj
LOAD CMakeFiles/usb-can-robstride.dir/home/mfact/Toolchain/st/STM32Cube_FW_G4_V1.6.1/Drivers/STM32G4xx_HAL_Driver/Src/stm32g4xx_hal_dma_ex.c.obj
LOAD CMakeFiles/usb-can-robstride.dir/home/mfact/Toolchain/st/STM32Cube_FW_G4_V1.6.1/Drivers/STM32G4xx_HAL_Driver/Src/stm32g4xx_hal_pwr.c.obj
LOAD CMakeFiles/usb-can-robstride.dir/home/mfact/Toolchain/st/STM32Cube_FW_G4_V1.6.1/Drivers/STM32G4xx_HAL_Driver/Src/stm32g4xx_hal_pwr_ex.c.obj
LOAD CMakeFiles/usb-can-robstride.dir/home/mfact/Toolchain/st/STM32Cube_FW_G4_V1.6.1/Drivers/STM32G4xx_HAL_Driver/Src/stm32g4xx_hal_cortex.c.obj
LOAD CMakeFiles/usb-can-robstride.dir/home/mfact/Toolchain/st/STM32Cube_FW_G4_V1.6.1/Drivers/STM32G4xx_HAL_Driver/Src/stm32g4xx_hal_fdcan.c.obj
LOAD CMakeFiles/usb-can-robstride.dir/Core/Src/system_stm32g4xx.c.obj
LOAD CMakeFiles/usb-can-robstride.dir/home/mfact/Toolchain/st/STM32Cube_FW_G4_V1.6.1/Middlewares/ST/STM32_USB_Device_Library/Core/Src/usbd_core.c.obj
LOAD CMakeFiles/usb-can-robstride.dir/home/mfact/Toolchain/st/STM32Cube_FW_G4_V1.6.1/Middlewares/ST/STM32_USB_Device_Library/Core/Src/usbd_ctlreq.c.obj
LOAD CMakeFiles/usb-can-robstride.dir/home/mfact/Toolchain/st/STM32Cube_FW_G4_V1.6.1/Middlewares/ST/STM32_USB_Device_Library/Core/Src/usbd_ioreq.c.obj
LOAD CMakeFiles/usb-can-robstride.dir/home/mfact/Toolchain/st/STM32Cube_FW_G4_V1.6.1/Middlewares/ST/STM32_USB_Device_Library/Class/CDC/Src/usbd_cdc.c.obj
LOAD CMakeFiles/usb-can-robstride.dir/Core/Src/sysmem.c.obj
LOAD CMakeFiles/usb-can-robstride.dir/Core/Src/syscalls.c.obj
LOAD CMakeFiles/usb-can-robstride.dir/startup_stm32g473xx.s.obj
START GROUP
LOAD /usr/lib/gcc/arm-none-eabi/13.2.1/thumb/v7e-m+fp/hard/libgcc.a
LOAD /usr/lib/gcc/arm-none-eabi/13.2.1/../../../arm-none-eabi/lib/thumb/v7e-m+fp/hard/libg_nano.a
LOAD /usr/lib/gcc/arm-none-eabi/13.2.1/../../../arm-none-eabi/lib/thumb/v7e-m+fp/hard/libc_nano.a
END GROUP
START GROUP
LOAD /usr/lib/gcc/arm-none-eabi/13.2.1/thumb/v7e-m+fp/hard/libgcc.a
LOAD /usr/lib/gcc/arm-none-eabi/13.2.1/../../../arm-none-eabi/lib/thumb/v7e-m+fp/hard/libc_nano.a
END GROUP
LOAD /usr/lib/gcc/arm-none-eabi/13.2.1/thumb/v7e-m+fp/hard/crtend.o
LOAD /usr/lib/gcc/arm-none-eabi/13.2.1/thumb/v7e-m+fp/hard/crtn.o
                0x20020000                        _estack = (ORIGIN (RAM) + LENGTH (RAM))
                0x00000200                        _Min_Heap_Size = 0x200
                0x00000400                        _Min_Stack_Size = 0x400

.isr_vector     0x08000000      0x1d8
                0x08000000                        . = ALIGN (0x4)
 *(.isr_vector)
 .isr_vector    0x08000000      0x1d8 CMakeFiles/usb-can-robstride.dir/startup_stm32g473xx.s.obj
                0x08000000                g_pfnVectors
                0x080001d8                        . = ALIGN (0x4)

.text           0x08000200     0x4a60
                0x08000200                        . = ALIGN (0x4)
 *(.text)
 .text          0x08000200       0x88 /usr/lib/gcc/arm-none-eabi/13.2.1/thumb/v7e-m+fp/hard/crtbegin.o
 .text          0x08000288       0x50 /usr/lib/gcc/arm-none-eabi/13.2.1/../../../arm-none-eabi/lib/thumb/v7e-m+fp/hard/libc_nano.a(libc_a-init.o)
                0x08000288                __libc_init_array
 .text          0x080002d8       0xa4 /usr/lib/gcc/arm-none-eabi/13.2.1/../../../arm-none-eabi/lib/thumb/v7e-m+fp/hard/libc_nano.a(libc_a-memset.o)
                0x080002d8                memset
 *fill*         0x0800037c        0x4 
 .text          0x08000380       0xd8 /usr/lib/gcc/arm-none-eabi/13.2.1/../../../arm-none-eabi/lib/thumb/v7e-m+fp/hard/libg_nano.a(libc_a-strlen.o)
                0x08000380                strlen
 *(.text*)
 .text.App_Init
                0x08000458       0x44 CMakeFiles/usb-can-robstride.dir/App/Src/app.c.obj
                0x08000458                App_Init
 .text.App_Update
                0x0800049c       0x18 CMakeFiles/usb-can-robstride.dir/App/Src/app.c.obj
                0x0800049c                App_Update
 .text.HAL_FDCAN_RxFifo0Callback
                0x080004b4       0x6c CMakeFiles/usb-can-robstride.dir/App/Src/app.c.obj
                0x080004b4                HAL_FDCAN_RxFifo0Callback
 .text.SystemClock_Config
                0x08000520       0x78 CMakeFiles/usb-can-robstride.dir/Core/Src/main.c.obj
                0x08000520                SystemClock_Config
 .text.startup.main
                0x08000598      0x11c CMakeFiles/usb-can-robstride.dir/Core/Src/main.c.obj
                0x08000598                main
 .text.Error_Handler
                0x080006b4        0x4 CMakeFiles/usb-can-robstride.dir/Core/Src/main.c.obj
                0x080006b4                Error_Handler
 .text.NMI_Handler
                0x080006b8        0x4 CMakeFiles/usb-can-robstride.dir/Core/Src/stm32g4xx_it.c.obj
                0x080006b8                NMI_Handler
 .text.HardFault_Handler
                0x080006bc        0x4 CMakeFiles/usb-can-robstride.dir/Core/Src/stm32g4xx_it.c.obj
                0x080006bc                HardFault_Handler
 .text.MemManage_Handler
                0x080006c0        0x4 CMakeFiles/usb-can-robstride.dir/Core/Src/stm32g4xx_it.c.obj
                0x080006c0                MemManage_Handler
 .text.BusFault_Handler
                0x080006c4        0x4 CMakeFiles/usb-can-robstride.dir/Core/Src/stm32g4xx_it.c.obj
                0x080006c4                BusFault_Handler
 .text.UsageFault_Handler
                0x080006c8        0x4 CMakeFiles/usb-can-robstride.dir/Core/Src/stm32g4xx_it.c.obj
                0x080006c8                UsageFault_Handler
 .text.SVC_Handler
                0x080006cc        0x4 CMakeFiles/usb-can-robstride.dir/Core/Src/stm32g4xx_it.c.obj
                0x080006cc                SVC_Handler
 .text.DebugMon_Handler
                0x080006d0        0x4 CMakeFiles/usb-can-robstride.dir/Core/Src/stm32g4xx_it.c.obj
                0x080006d0                DebugMon_Handler
 .text.PendSV_Handler
                0x080006d4        0x4 CMakeFiles/usb-can-robstride.dir/Core/Src/stm32g4xx_it.c.obj
                0x080006d4                PendSV_Handler
 .text.SysTick_Handler
                0x080006d8        0x4 CMakeFiles/usb-can-robstride.dir/Core/Src/stm32g4xx_it.c.obj
                0x080006d8                SysTick_Handler
 .text.USB_LP_IRQHandler
                0x080006dc        0xc CMakeFiles/usb-can-robstride.dir/Core/Src/stm32g4xx_it.c.obj
                0x080006dc                USB_LP_IRQHandler
 .text.FDCAN1_IT0_IRQHandler
                0x080006e8        0xc CMakeFiles/usb-can-robstride.dir/Core/Src/stm32g4xx_it.c.obj
                0x080006e8                FDCAN1_IT0_IRQHandler
 .text.HAL_MspInit
                0x080006f4       0x34 CMakeFiles/usb-can-robstride.dir/Core/Src/stm32g4xx_hal_msp.c.obj
                0x080006f4                HAL_MspInit
 .text.HAL_FDCAN_MspInit
                0x08000728       0xb4 CMakeFiles/usb-can-robstride.dir/Core/Src/stm32g4xx_hal_msp.c.obj
                0x08000728                HAL_FDCAN_MspInit
 .text.MX_USB_Device_Init
                0x080007dc       0x74 CMakeFiles/usb-can-robstride.dir/USB_Device/App/usb_device.c.obj
                0x080007dc                MX_USB_Device_Init
 .text.USBD_CDC_DeviceDescriptor
                0x08000850        0xc CMakeFiles/usb-can-robstride.dir/USB_Device/App/usbd_desc.c.obj
                0x08000850                USBD_CDC_DeviceDescriptor
 .text.USBD_CDC_LangIDStrDescriptor
                0x0800085c        0xc CMakeFiles/usb-can-robstride.dir/USB_Device/App/usbd_desc.c.obj
                0x0800085c                USBD_CDC_LangIDStrDescriptor
 .text.USBD_CDC_ManufacturerStrDescriptor
                0x08000868       0x1c CMakeFiles/usb-can-robstride.dir/USB_Device/App/usbd_desc.c.obj
                0x08000868                USBD_CDC_ManufacturerStrDescriptor
 .text.USBD_CDC_ProductStrDescriptor
                0x08000884       0x1c CMakeFiles/usb-can-robstride.dir/USB_Device/App/usbd_desc.c.obj
                0x08000884                USBD_CDC_ProductStrDescriptor
 .text.USBD_CDC_ConfigStrDescriptor
                0x080008a0       0x1c CMakeFiles/usb-can-robstride.dir/USB_Device/App/usbd_desc.c.obj
                0x080008a0                USBD_CDC_ConfigStrDescriptor
 .text.USBD_CDC_InterfaceStrDescriptor
                0x080008bc       0x1c CMakeFiles/usb-can-robstride.dir/USB_Device/App/usbd_desc.c.obj
                0x080008bc                USBD_CDC_InterfaceStrDescriptor
 .text.USBD_CDC_SerialStrDescriptor
                0x080008d8      0x150 CMakeFiles/usb-can-robstride.dir/USB_Device/App/usbd_desc.c.obj
                0x080008d8                USBD_CDC_SerialStrDescriptor
 .text.CDC_DeInit_FS
                0x08000a28        0x4 CMakeFiles/usb-can-robstride.dir/USB_Device/App/usbd_cdc_if.c.obj
 .text.CDC_Control_FS
                0x08000a2c        0x4 CMakeFiles/usb-can-robstride.dir/USB_Device/App/usbd_cdc_if.c.obj
 .text.CDC_TransmitCplt_FS
                0x08000a30        0x4 CMakeFiles/usb-can-robstride.dir/USB_Device/App/usbd_cdc_if.c.obj
 .text.CDC_Receive_FS
                0x08000a34       0x1c CMakeFiles/usb-can-robstride.dir/USB_Device/App/usbd_cdc_if.c.obj
 .text.CDC_Init_FS
                0x08000a50       0x28 CMakeFiles/usb-can-robstride.dir/USB_Device/App/usbd_cdc_if.c.obj
 .text.CDC_Transmit_FS
                0x08000a78       0x2c CMakeFiles/usb-can-robstride.dir/USB_Device/App/usbd_cdc_if.c.obj
                0x08000a78                CDC_Transmit_FS
 .text.HAL_PCD_MspInit
                0x08000aa4       0x68 CMakeFiles/usb-can-robstride.dir/USB_Device/Target/usbd_conf.c.obj
                0x08000aa4                HAL_PCD_MspInit
 .text.HAL_PCD_SetupStageCallback
                0x08000b0c        0xc CMakeFiles/usb-can-robstride.dir/USB_Device/Target/usbd_conf.c.obj
                0x08000b0c                HAL_PCD_SetupStageCallback
 .text.HAL_PCD_DataOutStageCallback
                0x08000b18       0x14 CMakeFiles/usb-can-robstride.dir/USB_Device/Target/usbd_conf.c.obj
                0x08000b18                HAL_PCD_DataOutStageCallback
 .text.HAL_PCD_DataInStageCallback
                0x08000b2c       0x14 CMakeFiles/usb-can-robstride.dir/USB_Device/Target/usbd_conf.c.obj
                0x08000b2c                HAL_PCD_DataInStageCallback
 .text.HAL_PCD_SOFCallback
                0x08000b40        0x8 CMakeFiles/usb-can-robstride.dir/USB_Device/Target/usbd_conf.c.obj
                0x08000b40                HAL_PCD_SOFCallback
 .text.HAL_PCD_ResetCallback
                0x08000b48       0x24 CMakeFiles/usb-can-robstride.dir/USB_Device/Target/usbd_conf.c.obj
                0x08000b48                HAL_PCD_ResetCallback
 .text.HAL_PCD_SuspendCallback
                0x08000b6c       0x20 CMakeFiles/usb-can-robstride.dir/USB_Device/Target/usbd_conf.c.obj
                0x08000b6c                HAL_PCD_SuspendCallback
 .text.HAL_PCD_ResumeCallback
                0x08000b8c       0x34 CMakeFiles/usb-can-robstride.dir/USB_Device/Target/usbd_conf.c.obj
                0x08000b8c                HAL_PCD_ResumeCallback
 .text.USBD_LL_Init
                0x08000bc0       0x88 CMakeFiles/usb-can-robstride.dir/USB_Device/Target/usbd_conf.c.obj
                0x08000bc0                USBD_LL_Init
 .text.USBD_LL_Start
                0x08000c48       0x18 CMakeFiles/usb-can-robstride.dir/USB_Device/Target/usbd_conf.c.obj
                0x08000c48                USBD_LL_Start
 .text.USBD_LL_OpenEP
                0x08000c60       0x1c CMakeFiles/usb-can-robstride.dir/USB_Device/Target/usbd_conf.c.obj
                0x08000c60                USBD_LL_OpenEP
 .text.USBD_LL_CloseEP
                0x08000c7c       0x18 CMakeFiles/usb-can-robstride.dir/USB_Device/Target/usbd_conf.c.obj
                0x08000c7c                USBD_LL_CloseEP
 .text.USBD_LL_StallEP
                0x08000c94       0x18 CMakeFiles/usb-can-robstride.dir/USB_Device/Target/usbd_conf.c.obj
                0x08000c94                USBD_LL_StallEP
 .text.USBD_LL_ClearStallEP
                0x08000cac       0x18 CMakeFiles/usb-can-robstride.dir/USB_Device/Target/usbd_conf.c.obj
                0x08000cac                USBD_LL_ClearStallEP
 .text.USBD_LL_IsStallEP
                0x08000cc4       0x28 CMakeFiles/usb-can-robstride.dir/USB_Device/Target/usbd_conf.c.obj
                0x08000cc4                USBD_LL_IsStallEP
 .text.USBD_LL_SetUSBAddress
                0x08000cec       0x18 CMakeFiles/usb-can-robstride.dir/USB_Device/Target/usbd_conf.c.obj
                0x08000cec                USBD_LL_SetUSBAddress
 .text.USBD_LL_Transmit
                0x08000d04       0x18 CMakeFiles/usb-can-robstride.dir/USB_Device/Target/usbd_conf.c.obj
                0x08000d04                USBD_LL_Transmit
 .text.USBD_LL_PrepareReceive
                0x08000d1c       0x18 CMakeFiles/usb-can-robstride.dir/USB_Device/Target/usbd_conf.c.obj
                0x08000d1c                USBD_LL_PrepareReceive
 .text.USBD_LL_GetRxDataSize
                0x08000d34        0x8 CMakeFiles/usb-can-robstride.dir/USB_Device/Target/usbd_conf.c.obj
                0x08000d34                USBD_LL_GetRxDataSize
 .text.HAL_PCDEx_LPM_Callback
                0x08000d3c       0x54 CMakeFiles/usb-can-robstride.dir/USB_Device/Target/usbd_conf.c.obj
                0x08000d3c                HAL_PCDEx_LPM_Callback
 .text.USBD_static_malloc
                0x08000d90        0x8 CMakeFiles/usb-can-robstride.dir/USB_Device/Target/usbd_conf.c.obj
                0x08000d90                USBD_static_malloc
 .text.USBD_static_free
                0x08000d98        0x4 CMakeFiles/usb-can-robstride.dir/USB_Device/Target/usbd_conf.c.obj
                0x08000d98                USBD_static_free
 .text.HAL_PCD_Init
                0x08000d9c      0x1d4 CMakeFiles/usb-can-robstride.dir/home/mfact/Toolchain/st/STM32Cube_FW_G4_V1.6.1/Drivers/STM32G4xx_HAL_Driver/Src/stm32g4xx_hal_pcd.c.obj
                0x08000d9c                HAL_PCD_Init
 .text.HAL_PCD_Start
                0x08000f70       0x2c CMakeFiles/usb-can-robstride.dir/home/mfact/Toolchain/st/STM32Cube_FW_G4_V1.6.1/Drivers/STM32G4xx_HAL_Driver/Src/stm32g4xx_hal_pcd.c.obj
                0x08000f70                HAL_PCD_Start
 .text.HAL_PCD_IRQHandler
                0x08000f9c      0xb3c CMakeFiles/usb-can-robstride.dir/home/mfact/Toolchain/st/STM32Cube_FW_G4_V1.6.1/Drivers/STM32G4xx_HAL_Driver/Src/stm32g4xx_hal_pcd.c.obj
                0x08000f9c                HAL_PCD_IRQHandler
 .text.HAL_PCD_SetAddress
                0x08001ad8       0x28 CMakeFiles/usb-can-robstride.dir/home/mfact/Toolchain/st/STM32Cube_FW_G4_V1.6.1/Drivers/STM32G4xx_HAL_Driver/Src/stm32g4xx_hal_pcd.c.obj
                0x08001ad8                HAL_PCD_SetAddress
 .text.HAL_PCD_EP_Open
                0x08001b00       0x78 CMakeFiles/usb-can-robstride.dir/home/mfact/Toolchain/st/STM32Cube_FW_G4_V1.6.1/Drivers/STM32G4xx_HAL_Driver/Src/stm32g4xx_hal_pcd.c.obj
                0x08001b00                HAL_PCD_EP_Open
 .text.HAL_PCD_EP_Close
                0x08001b78       0x68 CMakeFiles/usb-can-robstride.dir/home/mfact/Toolchain/st/STM32Cube_FW_G4_V1.6.1/Drivers/STM32G4xx_HAL_Driver/Src/stm32g4xx_hal_pcd.c.obj
                0x08001b78                HAL_PCD_EP_Close
 .text.HAL_PCD_EP_Receive
                0x08001be0       0x34 CMakeFiles/usb-can-robstride.dir/home/mfact/Toolchain/st/STM32Cube_FW_G4_V1.6.1/Drivers/STM32G4xx_HAL_Driver/Src/stm32g4xx_hal_pcd.c.obj
                0x08001be0                HAL_PCD_EP_Receive
 .text.HAL_PCD_EP_GetRxCount
                0x08001c14       0x14 CMakeFiles/usb-can-robstride.dir/home/mfact/Toolchain/st/STM32Cube_FW_G4_V1.6.1/Drivers/STM32G4xx_HAL_Driver/Src/stm32g4xx_hal_pcd.c.obj
                0x08001c14                HAL_PCD_EP_GetRxCount
 .text.HAL_PCD_EP_Transmit
                0x08001c28       0x3c CMakeFiles/usb-can-robstride.dir/home/mfact/Toolchain/st/STM32Cube_FW_G4_V1.6.1/Drivers/STM32G4xx_HAL_Driver/Src/stm32g4xx_hal_pcd.c.obj
                0x08001c28                HAL_PCD_EP_Transmit
 .text.HAL_PCD_EP_SetStall
                0x08001c64       0x78 CMakeFiles/usb-can-robstride.dir/home/mfact/Toolchain/st/STM32Cube_FW_G4_V1.6.1/Drivers/STM32G4xx_HAL_Driver/Src/stm32g4xx_hal_pcd.c.obj
                0x08001c64                HAL_PCD_EP_SetStall
 .text.HAL_PCD_EP_ClrStall
                0x08001cdc       0x78 CMakeFiles/usb-can-robstride.dir/home/mfact/Toolchain/st/STM32Cube_FW_G4_V1.6.1/Drivers/STM32G4xx_HAL_Driver/Src/stm32g4xx_hal_pcd.c.obj
                0x08001cdc                HAL_PCD_EP_ClrStall
 .text.HAL_PCDEx_PMAConfig
                0x08001d54       0x3c CMakeFiles/usb-can-robstride.dir/home/mfact/Toolchain/st/STM32Cube_FW_G4_V1.6.1/Drivers/STM32G4xx_HAL_Driver/Src/stm32g4xx_hal_pcd_ex.c.obj
                0x08001d54                HAL_PCDEx_PMAConfig
 .text.HAL_PCDEx_ActivateLPM
                0x08001d90       0x34 CMakeFiles/usb-can-robstride.dir/home/mfact/Toolchain/st/STM32Cube_FW_G4_V1.6.1/Drivers/STM32G4xx_HAL_Driver/Src/stm32g4xx_hal_pcd_ex.c.obj
                0x08001d90                HAL_PCDEx_ActivateLPM
 .text.USB_EnableGlobalInt
                0x08001dc4       0x14 CMakeFiles/usb-can-robstride.dir/home/mfact/Toolchain/st/STM32Cube_FW_G4_V1.6.1/Drivers/STM32G4xx_HAL_Driver/Src/stm32g4xx_ll_usb.c.obj
                0x08001dc4                USB_EnableGlobalInt
 .text.USB_DisableGlobalInt
                0x08001dd8       0x14 CMakeFiles/usb-can-robstride.dir/home/mfact/Toolchain/st/STM32Cube_FW_G4_V1.6.1/Drivers/STM32G4xx_HAL_Driver/Src/stm32g4xx_ll_usb.c.obj
                0x08001dd8                USB_DisableGlobalInt
 .text.USB_DevInit
                0x08001dec       0x28 CMakeFiles/usb-can-robstride.dir/home/mfact/Toolchain/st/STM32Cube_FW_G4_V1.6.1/Drivers/STM32G4xx_HAL_Driver/Src/stm32g4xx_ll_usb.c.obj
                0x08001dec                USB_DevInit
 .text.USB_ActivateEndpoint
                0x08001e14      0x43c CMakeFiles/usb-can-robstride.dir/home/mfact/Toolchain/st/STM32Cube_FW_G4_V1.6.1/Drivers/STM32G4xx_HAL_Driver/Src/stm32g4xx_ll_usb.c.obj
                0x08001e14                USB_ActivateEndpoint
 .text.USB_DeactivateEndpoint
                0x08002250      0x1cc CMakeFiles/usb-can-robstride.dir/home/mfact/Toolchain/st/STM32Cube_FW_G4_V1.6.1/Drivers/STM32G4xx_HAL_Driver/Src/stm32g4xx_ll_usb.c.obj
                0x08002250                USB_DeactivateEndpoint
 .text.USB_EPStartXfer
                0x0800241c      0x354 CMakeFiles/usb-can-robstride.dir/home/mfact/Toolchain/st/STM32Cube_FW_G4_V1.6.1/Drivers/STM32G4xx_HAL_Driver/Src/stm32g4xx_ll_usb.c.obj
                0x0800241c                USB_EPStartXfer
 .text.USB_EPSetStall
                0x08002770       0x50 CMakeFiles/usb-can-robstride.dir/home/mfact/Toolchain/st/STM32Cube_FW_G4_V1.6.1/Drivers/STM32G4xx_HAL_Driver/Src/stm32g4xx_ll_usb.c.obj
                0x08002770                USB_EPSetStall
 .text.USB_EPClearStall
                0x080027c0       0x9c CMakeFiles/usb-can-robstride.dir/home/mfact/Toolchain/st/STM32Cube_FW_G4_V1.6.1/Drivers/STM32G4xx_HAL_Driver/Src/stm32g4xx_ll_usb.c.obj
                0x080027c0                USB_EPClearStall
 .text.USB_SetDevAddress
                0x0800285c        0xc CMakeFiles/usb-can-robstride.dir/home/mfact/Toolchain/st/STM32Cube_FW_G4_V1.6.1/Drivers/STM32G4xx_HAL_Driver/Src/stm32g4xx_ll_usb.c.obj
                0x0800285c                USB_SetDevAddress
 .text.USB_DevConnect
                0x08002868       0x18 CMakeFiles/usb-can-robstride.dir/home/mfact/Toolchain/st/STM32Cube_FW_G4_V1.6.1/Drivers/STM32G4xx_HAL_Driver/Src/stm32g4xx_ll_usb.c.obj
                0x08002868                USB_DevConnect
 .text.USB_ReadInterrupts
                0x08002880        0x8 CMakeFiles/usb-can-robstride.dir/home/mfact/Toolchain/st/STM32Cube_FW_G4_V1.6.1/Drivers/STM32G4xx_HAL_Driver/Src/stm32g4xx_ll_usb.c.obj
                0x08002880                USB_ReadInterrupts
 .text.USB_WritePMA
                0x08002888       0x20 CMakeFiles/usb-can-robstride.dir/home/mfact/Toolchain/st/STM32Cube_FW_G4_V1.6.1/Drivers/STM32G4xx_HAL_Driver/Src/stm32g4xx_ll_usb.c.obj
                0x08002888                USB_WritePMA
 .text.USB_ReadPMA
                0x080028a8       0x54 CMakeFiles/usb-can-robstride.dir/home/mfact/Toolchain/st/STM32Cube_FW_G4_V1.6.1/Drivers/STM32G4xx_HAL_Driver/Src/stm32g4xx_ll_usb.c.obj
                0x080028a8                USB_ReadPMA
 .text.HAL_InitTick
                0x080028fc       0x4c CMakeFiles/usb-can-robstride.dir/home/mfact/Toolchain/st/STM32Cube_FW_G4_V1.6.1/Drivers/STM32G4xx_HAL_Driver/Src/stm32g4xx_hal.c.obj
                0x080028fc                HAL_InitTick
 .text.HAL_Init
                0x08002948       0x20 CMakeFiles/usb-can-robstride.dir/home/mfact/Toolchain/st/STM32Cube_FW_G4_V1.6.1/Drivers/STM32G4xx_HAL_Driver/Src/stm32g4xx_hal.c.obj
                0x08002948                HAL_Init
 .text.HAL_IncTick
                0x08002968       0x18 CMakeFiles/usb-can-robstride.dir/home/mfact/Toolchain/st/STM32Cube_FW_G4_V1.6.1/Drivers/STM32G4xx_HAL_Driver/Src/stm32g4xx_hal.c.obj
                0x08002968                HAL_IncTick
 .text.HAL_GetTick
                0x08002980        0xc CMakeFiles/usb-can-robstride.dir/home/mfact/Toolchain/st/STM32Cube_FW_G4_V1.6.1/Drivers/STM32G4xx_HAL_Driver/Src/stm32g4xx_hal.c.obj
                0x08002980                HAL_GetTick
 .text.HAL_Delay
                0x0800298c       0x24 CMakeFiles/usb-can-robstride.dir/home/mfact/Toolchain/st/STM32Cube_FW_G4_V1.6.1/Drivers/STM32G4xx_HAL_Driver/Src/stm32g4xx_hal.c.obj
                0x0800298c                HAL_Delay
 .text.HAL_RCC_OscConfig
                0x080029b0      0x48c CMakeFiles/usb-can-robstride.dir/home/mfact/Toolchain/st/STM32Cube_FW_G4_V1.6.1/Drivers/STM32G4xx_HAL_Driver/Src/stm32g4xx_hal_rcc.c.obj
                0x080029b0                HAL_RCC_OscConfig
 .text.HAL_RCC_GetSysClockFreq
                0x08002e3c       0x5c CMakeFiles/usb-can-robstride.dir/home/mfact/Toolchain/st/STM32Cube_FW_G4_V1.6.1/Drivers/STM32G4xx_HAL_Driver/Src/stm32g4xx_hal_rcc.c.obj
                0x08002e3c                HAL_RCC_GetSysClockFreq
 .text.HAL_RCC_ClockConfig
                0x08002e98      0x1f8 CMakeFiles/usb-can-robstride.dir/home/mfact/Toolchain/st/STM32Cube_FW_G4_V1.6.1/Drivers/STM32G4xx_HAL_Driver/Src/stm32g4xx_hal_rcc.c.obj
                0x08002e98                HAL_RCC_ClockConfig
 .text.HAL_RCCEx_PeriphCLKConfig
                0x08003090      0x318 CMakeFiles/usb-can-robstride.dir/home/mfact/Toolchain/st/STM32Cube_FW_G4_V1.6.1/Drivers/STM32G4xx_HAL_Driver/Src/stm32g4xx_hal_rcc_ex.c.obj
                0x08003090                HAL_RCCEx_PeriphCLKConfig
 .text.HAL_GPIO_Init
                0x080033a8      0x37c CMakeFiles/usb-can-robstride.dir/home/mfact/Toolchain/st/STM32Cube_FW_G4_V1.6.1/Drivers/STM32G4xx_HAL_Driver/Src/stm32g4xx_hal_gpio.c.obj
                0x080033a8                HAL_GPIO_Init
 .text.HAL_GPIO_WritePin
                0x08003724        0xc CMakeFiles/usb-can-robstride.dir/home/mfact/Toolchain/st/STM32Cube_FW_G4_V1.6.1/Drivers/STM32G4xx_HAL_Driver/Src/stm32g4xx_hal_gpio.c.obj
                0x08003724                HAL_GPIO_WritePin
 .text.HAL_GPIO_TogglePin
                0x08003730       0x14 CMakeFiles/usb-can-robstride.dir/home/mfact/Toolchain/st/STM32Cube_FW_G4_V1.6.1/Drivers/STM32G4xx_HAL_Driver/Src/stm32g4xx_hal_gpio.c.obj
                0x08003730                HAL_GPIO_TogglePin
 .text.HAL_PWREx_ControlVoltageScaling
                0x08003744       0xe4 CMakeFiles/usb-can-robstride.dir/home/mfact/Toolchain/st/STM32Cube_FW_G4_V1.6.1/Drivers/STM32G4xx_HAL_Driver/Src/stm32g4xx_hal_pwr_ex.c.obj
                0x08003744                HAL_PWREx_ControlVoltageScaling
 .text.HAL_PWREx_DisableUCPDDeadBattery
                0x08003828       0x10 CMakeFiles/usb-can-robstride.dir/home/mfact/Toolchain/st/STM32Cube_FW_G4_V1.6.1/Drivers/STM32G4xx_HAL_Driver/Src/stm32g4xx_hal_pwr_ex.c.obj
                0x08003828                HAL_PWREx_DisableUCPDDeadBattery
 .text.HAL_NVIC_SetPriorityGrouping
                0x08003838       0x24 CMakeFiles/usb-can-robstride.dir/home/mfact/Toolchain/st/STM32Cube_FW_G4_V1.6.1/Drivers/STM32G4xx_HAL_Driver/Src/stm32g4xx_hal_cortex.c.obj
                0x08003838                HAL_NVIC_SetPriorityGrouping
 .text.HAL_NVIC_SetPriority
                0x0800385c       0x78 CMakeFiles/usb-can-robstride.dir/home/mfact/Toolchain/st/STM32Cube_FW_G4_V1.6.1/Drivers/STM32G4xx_HAL_Driver/Src/stm32g4xx_hal_cortex.c.obj
                0x0800385c                HAL_NVIC_SetPriority
 .text.HAL_NVIC_EnableIRQ
                0x080038d4       0x1c CMakeFiles/usb-can-robstride.dir/home/mfact/Toolchain/st/STM32Cube_FW_G4_V1.6.1/Drivers/STM32G4xx_HAL_Driver/Src/stm32g4xx_hal_cortex.c.obj
                0x080038d4                HAL_NVIC_EnableIRQ
 .text.HAL_SYSTICK_Config
                0x080038f0       0x34 CMakeFiles/usb-can-robstride.dir/home/mfact/Toolchain/st/STM32Cube_FW_G4_V1.6.1/Drivers/STM32G4xx_HAL_Driver/Src/stm32g4xx_hal_cortex.c.obj
                0x080038f0                HAL_SYSTICK_Config
 .text.HAL_FDCAN_Init
                0x08003924      0x298 CMakeFiles/usb-can-robstride.dir/home/mfact/Toolchain/st/STM32Cube_FW_G4_V1.6.1/Drivers/STM32G4xx_HAL_Driver/Src/stm32g4xx_hal_fdcan.c.obj
                0x08003924                HAL_FDCAN_Init
 .text.HAL_FDCAN_Start
                0x08003bbc       0x30 CMakeFiles/usb-can-robstride.dir/home/mfact/Toolchain/st/STM32Cube_FW_G4_V1.6.1/Drivers/STM32G4xx_HAL_Driver/Src/stm32g4xx_hal_fdcan.c.obj
                0x08003bbc                HAL_FDCAN_Start
 .text.HAL_FDCAN_GetRxMessage
                0x08003bec      0x140 CMakeFiles/usb-can-robstride.dir/home/mfact/Toolchain/st/STM32Cube_FW_G4_V1.6.1/Drivers/STM32G4xx_HAL_Driver/Src/stm32g4xx_hal_fdcan.c.obj
                0x08003bec                HAL_FDCAN_GetRxMessage
 .text.HAL_FDCAN_ActivateNotification
                0x08003d2c       0xf8 CMakeFiles/usb-can-robstride.dir/home/mfact/Toolchain/st/STM32Cube_FW_G4_V1.6.1/Drivers/STM32G4xx_HAL_Driver/Src/stm32g4xx_hal_fdcan.c.obj
                0x08003d2c                HAL_FDCAN_ActivateNotification
 .text.HAL_FDCAN_TxEventFifoCallback
                0x08003e24        0x4 CMakeFiles/usb-can-robstride.dir/home/mfact/Toolchain/st/STM32Cube_FW_G4_V1.6.1/Drivers/STM32G4xx_HAL_Driver/Src/stm32g4xx_hal_fdcan.c.obj
                0x08003e24                HAL_FDCAN_TxEventFifoCallback
 .text.HAL_FDCAN_RxFifo1Callback
                0x08003e28        0x4 CMakeFiles/usb-can-robstride.dir/home/mfact/Toolchain/st/STM32Cube_FW_G4_V1.6.1/Drivers/STM32G4xx_HAL_Driver/Src/stm32g4xx_hal_fdcan.c.obj
                0x08003e28                HAL_FDCAN_RxFifo1Callback
 .text.HAL_FDCAN_TxFifoEmptyCallback
                0x08003e2c        0x4 CMakeFiles/usb-can-robstride.dir/home/mfact/Toolchain/st/STM32Cube_FW_G4_V1.6.1/Drivers/STM32G4xx_HAL_Driver/Src/stm32g4xx_hal_fdcan.c.obj
                0x08003e2c                HAL_FDCAN_TxFifoEmptyCallback
 .text.HAL_FDCAN_TxBufferCompleteCallback
                0x08003e30        0x4 CMakeFiles/usb-can-robstride.dir/home/mfact/Toolchain/st/STM32Cube_FW_G4_V1.6.1/Drivers/STM32G4xx_HAL_Driver/Src/stm32g4xx_hal_fdcan.c.obj
                0x08003e30                HAL_FDCAN_TxBufferCompleteCallback
 .text.HAL_FDCAN_TxBufferAbortCallback
                0x08003e34        0x4 CMakeFiles/usb-can-robstride.dir/home/mfact/Toolchain/st/STM32Cube_FW_G4_V1.6.1/Drivers/STM32G4xx_HAL_Driver/Src/stm32g4xx_hal_fdcan.c.obj
                0x08003e34                HAL_FDCAN_TxBufferAbortCallback
 .text.HAL_FDCAN_TimestampWraparoundCallback
                0x08003e38        0x4 CMakeFiles/usb-can-robstride.dir/home/mfact/Toolchain/st/STM32Cube_FW_G4_V1.6.1/Drivers/STM32G4xx_HAL_Driver/Src/stm32g4xx_hal_fdcan.c.obj
                0x08003e38                HAL_FDCAN_TimestampWraparoundCallback
 .text.HAL_FDCAN_TimeoutOccurredCallback
                0x08003e3c        0x4 CMakeFiles/usb-can-robstride.dir/home/mfact/Toolchain/st/STM32Cube_FW_G4_V1.6.1/Drivers/STM32G4xx_HAL_Driver/Src/stm32g4xx_hal_fdcan.c.obj
                0x08003e3c                HAL_FDCAN_TimeoutOccurredCallback
 .text.HAL_FDCAN_HighPriorityMessageCallback
                0x08003e40        0x4 CMakeFiles/usb-can-robstride.dir/home/mfact/Toolchain/st/STM32Cube_FW_G4_V1.6.1/Drivers/STM32G4xx_HAL_Driver/Src/stm32g4xx_hal_fdcan.c.obj
                0x08003e40                HAL_FDCAN_HighPriorityMessageCallback
 .text.HAL_FDCAN_ErrorCallback
                0x08003e44        0x4 CMakeFiles/usb-can-robstride.dir/home/mfact/Toolchain/st/STM32Cube_FW_G4_V1.6.1/Drivers/STM32G4xx_HAL_Driver/Src/stm32g4xx_hal_fdcan.c.obj
                0x08003e44                HAL_FDCAN_ErrorCallback
 .text.HAL_FDCAN_ErrorStatusCallback
                0x08003e48        0x4 CMakeFiles/usb-can-robstride.dir/home/mfact/Toolchain/st/STM32Cube_FW_G4_V1.6.1/Drivers/STM32G4xx_HAL_Driver/Src/stm32g4xx_hal_fdcan.c.obj
                0x08003e48                HAL_FDCAN_ErrorStatusCallback
 .text.HAL_FDCAN_IRQHandler
                0x08003e4c      0x188 CMakeFiles/usb-can-robstride.dir/home/mfact/Toolchain/st/STM32Cube_FW_G4_V1.6.1/Drivers/STM32G4xx_HAL_Driver/Src/stm32g4xx_hal_fdcan.c.obj
                0x08003e4c                HAL_FDCAN_IRQHandler
 .text.SystemInit
                0x08003fd4       0x14 CMakeFiles/usb-can-robstride.dir/Core/Src/system_stm32g4xx.c.obj
                0x08003fd4                SystemInit
 .text.USBD_Init
                0x08003fe8       0x28 CMakeFiles/usb-can-robstride.dir/home/mfact/Toolchain/st/STM32Cube_FW_G4_V1.6.1/Middlewares/ST/STM32_USB_Device_Library/Core/Src/usbd_core.c.obj
                0x08003fe8                USBD_Init
 .text.USBD_RegisterClass
                0x08004010       0x2c CMakeFiles/usb-can-robstride.dir/home/mfact/Toolchain/st/STM32Cube_FW_G4_V1.6.1/Middlewares/ST/STM32_USB_Device_Library/Core/Src/usbd_core.c.obj
                0x08004010                USBD_RegisterClass
 .text.USBD_Start
                0x0800403c        0x4 CMakeFiles/usb-can-robstride.dir/home/mfact/Toolchain/st/STM32Cube_FW_G4_V1.6.1/Middlewares/ST/STM32_USB_Device_Library/Core/Src/usbd_core.c.obj
                0x0800403c                USBD_Start
 .text.USBD_SetClassConfig
                0x08004040       0x10 CMakeFiles/usb-can-robstride.dir/home/mfact/Toolchain/st/STM32Cube_FW_G4_V1.6.1/Middlewares/ST/STM32_USB_Device_Library/Core/Src/usbd_core.c.obj
                0x08004040                USBD_SetClassConfig
 .text.USBD_ClrClassConfig
                0x08004050       0x10 CMakeFiles/usb-can-robstride.dir/home/mfact/Toolchain/st/STM32Cube_FW_G4_V1.6.1/Middlewares/ST/STM32_USB_Device_Library/Core/Src/usbd_core.c.obj
                0x08004050                USBD_ClrClassConfig
 .text.USBD_LL_SetupStage
                0x08004060       0x60 CMakeFiles/usb-can-robstride.dir/home/mfact/Toolchain/st/STM32Cube_FW_G4_V1.6.1/Middlewares/ST/STM32_USB_Device_Library/Core/Src/usbd_core.c.obj
                0x08004060                USBD_LL_SetupStage
 .text.USBD_LL_DataOutStage
                0x080040c0       0x68 CMakeFiles/usb-can-robstride.dir/home/mfact/Toolchain/st/STM32Cube_FW_G4_V1.6.1/Middlewares/ST/STM32_USB_Device_Library/Core/Src/usbd_core.c.obj
                0x080040c0                USBD_LL_DataOutStage
 .text.USBD_LL_DataInStage
                0x08004128       0xac CMakeFiles/usb-can-robstride.dir/home/mfact/Toolchain/st/STM32Cube_FW_G4_V1.6.1/Middlewares/ST/STM32_USB_Device_Library/Core/Src/usbd_core.c.obj
                0x08004128                USBD_LL_DataInStage
 .text.USBD_LL_Reset
                0x080041d4       0x58 CMakeFiles/usb-can-robstride.dir/home/mfact/Toolchain/st/STM32Cube_FW_G4_V1.6.1/Middlewares/ST/STM32_USB_Device_Library/Core/Src/usbd_core.c.obj
                0x080041d4                USBD_LL_Reset
 .text.USBD_LL_SetSpeed
                0x0800422c        0x8 CMakeFiles/usb-can-robstride.dir/home/mfact/Toolchain/st/STM32Cube_FW_G4_V1.6.1/Middlewares/ST/STM32_USB_Device_Library/Core/Src/usbd_core.c.obj
                0x0800422c                USBD_LL_SetSpeed
 .text.USBD_LL_Suspend
                0x08004234       0x18 CMakeFiles/usb-can-robstride.dir/home/mfact/Toolchain/st/STM32Cube_FW_G4_V1.6.1/Middlewares/ST/STM32_USB_Device_Library/Core/Src/usbd_core.c.obj
                0x08004234                USBD_LL_Suspend
 .text.USBD_LL_Resume
                0x0800424c       0x18 CMakeFiles/usb-can-robstride.dir/home/mfact/Toolchain/st/STM32Cube_FW_G4_V1.6.1/Middlewares/ST/STM32_USB_Device_Library/Core/Src/usbd_core.c.obj
                0x0800424c                USBD_LL_Resume
 .text.USBD_LL_SOF
                0x08004264       0x24 CMakeFiles/usb-can-robstride.dir/home/mfact/Toolchain/st/STM32Cube_FW_G4_V1.6.1/Middlewares/ST/STM32_USB_Device_Library/Core/Src/usbd_core.c.obj
                0x08004264                USBD_LL_SOF
 .text.USBD_StdDevReq
                0x08004288      0x364 CMakeFiles/usb-can-robstride.dir/home/mfact/Toolchain/st/STM32Cube_FW_G4_V1.6.1/Middlewares/ST/STM32_USB_Device_Library/Core/Src/usbd_ctlreq.c.obj
                0x08004288                USBD_StdDevReq
 .text.USBD_StdItfReq
                0x080045ec       0x6c CMakeFiles/usb-can-robstride.dir/home/mfact/Toolchain/st/STM32Cube_FW_G4_V1.6.1/Middlewares/ST/STM32_USB_Device_Library/Core/Src/usbd_ctlreq.c.obj
                0x080045ec                USBD_StdItfReq
 .text.USBD_StdEPReq
                0x08004658      0x138 CMakeFiles/usb-can-robstride.dir/home/mfact/Toolchain/st/STM32Cube_FW_G4_V1.6.1/Middlewares/ST/STM32_USB_Device_Library/Core/Src/usbd_ctlreq.c.obj
                0x08004658                USBD_StdEPReq
 .text.USBD_ParseSetupRequest
                0x08004790       0x18 CMakeFiles/usb-can-robstride.dir/home/mfact/Toolchain/st/STM32Cube_FW_G4_V1.6.1/Middlewares/ST/STM32_USB_Device_Library/Core/Src/usbd_ctlreq.c.obj
                0x08004790                USBD_ParseSetupRequest
 .text.USBD_CtlError
                0x080047a8       0x18 CMakeFiles/usb-can-robstride.dir/home/mfact/Toolchain/st/STM32Cube_FW_G4_V1.6.1/Middlewares/ST/STM32_USB_Device_Library/Core/Src/usbd_ctlreq.c.obj
                0x080047a8                USBD_CtlError
 .text.USBD_GetString
                0x080047c0       0x50 CMakeFiles/usb-can-robstride.dir/home/mfact/Toolchain/st/STM32Cube_FW_G4_V1.6.1/Middlewares/ST/STM32_USB_Device_Library/Core/Src/usbd_ctlreq.c.obj
                0x080047c0                USBD_GetString
 .text.USBD_CtlSendData
                0x08004810       0x1c CMakeFiles/usb-can-robstride.dir/home/mfact/Toolchain/st/STM32Cube_FW_G4_V1.6.1/Middlewares/ST/STM32_USB_Device_Library/Core/Src/usbd_ioreq.c.obj
                0x08004810                USBD_CtlSendData
 .text.USBD_CtlContinueSendData
                0x0800482c       0x10 CMakeFiles/usb-can-robstride.dir/home/mfact/Toolchain/st/STM32Cube_FW_G4_V1.6.1/Middlewares/ST/STM32_USB_Device_Library/Core/Src/usbd_ioreq.c.obj
                0x0800482c                USBD_CtlContinueSendData
 .text.USBD_CtlPrepareRx
                0x0800483c       0x1c CMakeFiles/usb-can-robstride.dir/home/mfact/Toolchain/st/STM32Cube_FW_G4_V1.6.1/Middlewares/ST/STM32_USB_Device_Library/Core/Src/usbd_ioreq.c.obj
                0x0800483c                USBD_CtlPrepareRx
 .text.USBD_CtlContinueRx
                0x08004858       0x10 CMakeFiles/usb-can-robstride.dir/home/mfact/Toolchain/st/STM32Cube_FW_G4_V1.6.1/Middlewares/ST/STM32_USB_Device_Library/Core/Src/usbd_ioreq.c.obj
                0x08004858                USBD_CtlContinueRx
 .text.USBD_CtlSendStatus
                0x08004868       0x18 CMakeFiles/usb-can-robstride.dir/home/mfact/Toolchain/st/STM32Cube_FW_G4_V1.6.1/Middlewares/ST/STM32_USB_Device_Library/Core/Src/usbd_ioreq.c.obj
                0x08004868                USBD_CtlSendStatus
 .text.USBD_CtlReceiveStatus
                0x08004880       0x18 CMakeFiles/usb-can-robstride.dir/home/mfact/Toolchain/st/STM32Cube_FW_G4_V1.6.1/Middlewares/ST/STM32_USB_Device_Library/Core/Src/usbd_ioreq.c.obj
                0x08004880                USBD_CtlReceiveStatus
 .text.USBD_CDC_EP0_RxReady
                0x08004898       0x30 CMakeFiles/usb-can-robstride.dir/home/mfact/Toolchain/st/STM32Cube_FW_G4_V1.6.1/Middlewares/ST/STM32_USB_Device_Library/Class/CDC/Src/usbd_cdc.c.obj
 .text.USBD_CDC_GetFSCfgDesc
                0x080048c8        0xc CMakeFiles/usb-can-robstride.dir/home/mfact/Toolchain/st/STM32Cube_FW_G4_V1.6.1/Middlewares/ST/STM32_USB_Device_Library/Class/CDC/Src/usbd_cdc.c.obj
 .text.USBD_CDC_GetHSCfgDesc
                0x080048d4        0xc CMakeFiles/usb-can-robstride.dir/home/mfact/Toolchain/st/STM32Cube_FW_G4_V1.6.1/Middlewares/ST/STM32_USB_Device_Library/Class/CDC/Src/usbd_cdc.c.obj
 .text.USBD_CDC_GetOtherSpeedCfgDesc
                0x080048e0        0xc CMakeFiles/usb-can-robstride.dir/home/mfact/Toolchain/st/STM32Cube_FW_G4_V1.6.1/Middlewares/ST/STM32_USB_Device_Library/Class/CDC/Src/usbd_cdc.c.obj
 .text.USBD_CDC_GetDeviceQualifierDescriptor
                0x080048ec        0xc CMakeFiles/usb-can-robstride.dir/home/mfact/Toolchain/st/STM32Cube_FW_G4_V1.6.1/Middlewares/ST/STM32_USB_Device_Library/Class/CDC/Src/usbd_cdc.c.obj
                0x080048ec                USBD_CDC_GetDeviceQualifierDescriptor
 .text.USBD_CDC_DataOut
                0x080048f8       0x2c CMakeFiles/usb-can-robstride.dir/home/mfact/Toolchain/st/STM32Cube_FW_G4_V1.6.1/Middlewares/ST/STM32_USB_Device_Library/Class/CDC/Src/usbd_cdc.c.obj
 .text.USBD_CDC_DataIn
                0x08004924       0x58 CMakeFiles/usb-can-robstride.dir/home/mfact/Toolchain/st/STM32Cube_FW_G4_V1.6.1/Middlewares/ST/STM32_USB_Device_Library/Class/CDC/Src/usbd_cdc.c.obj
 .text.USBD_CDC_Setup
                0x0800497c       0xe8 CMakeFiles/usb-can-robstride.dir/home/mfact/Toolchain/st/STM32Cube_FW_G4_V1.6.1/Middlewares/ST/STM32_USB_Device_Library/Class/CDC/Src/usbd_cdc.c.obj
 .text.USBD_CDC_DeInit
                0x08004a64       0x44 CMakeFiles/usb-can-robstride.dir/home/mfact/Toolchain/st/STM32Cube_FW_G4_V1.6.1/Middlewares/ST/STM32_USB_Device_Library/Class/CDC/Src/usbd_cdc.c.obj
 .text.USBD_CDC_Init
                0x08004aa8       0xb0 CMakeFiles/usb-can-robstride.dir/home/mfact/Toolchain/st/STM32Cube_FW_G4_V1.6.1/Middlewares/ST/STM32_USB_Device_Library/Class/CDC/Src/usbd_cdc.c.obj
 .text.USBD_CDC_RegisterInterface
                0x08004b58       0x10 CMakeFiles/usb-can-robstride.dir/home/mfact/Toolchain/st/STM32Cube_FW_G4_V1.6.1/Middlewares/ST/STM32_USB_Device_Library/Class/CDC/Src/usbd_cdc.c.obj
                0x08004b58                USBD_CDC_RegisterInterface
 .text.USBD_CDC_SetTxBuffer
                0x08004b68       0x18 CMakeFiles/usb-can-robstride.dir/home/mfact/Toolchain/st/STM32Cube_FW_G4_V1.6.1/Middlewares/ST/STM32_USB_Device_Library/Class/CDC/Src/usbd_cdc.c.obj
                0x08004b68                USBD_CDC_SetTxBuffer
 .text.USBD_CDC_SetRxBuffer
                0x08004b80       0x14 CMakeFiles/usb-can-robstride.dir/home/mfact/Toolchain/st/STM32Cube_FW_G4_V1.6.1/Middlewares/ST/STM32_USB_Device_Library/Class/CDC/Src/usbd_cdc.c.obj
                0x08004b80                USBD_CDC_SetRxBuffer
 .text.USBD_CDC_TransmitPacket
                0x08004b94       0x30 CMakeFiles/usb-can-robstride.dir/home/mfact/Toolchain/st/STM32Cube_FW_G4_V1.6.1/Middlewares/ST/STM32_USB_Device_Library/Class/CDC/Src/usbd_cdc.c.obj
                0x08004b94                USBD_CDC_TransmitPacket
 .text.USBD_CDC_ReceivePacket
                0x08004bc4       0x30 CMakeFiles/usb-can-robstride.dir/home/mfact/Toolchain/st/STM32Cube_FW_G4_V1.6.1/Middlewares/ST/STM32_USB_Device_Library/Class/CDC/Src/usbd_cdc.c.obj
                0x08004bc4                USBD_CDC_ReceivePacket
 .text.Reset_Handler
                0x08004bf4       0x50 CMakeFiles/usb-can-robstride.dir/startup_stm32g473xx.s.obj
                0x08004bf4                Reset_Handler
 .text.Default_Handler
                0x08004c44        0x2 CMakeFiles/usb-can-robstride.dir/startup_stm32g473xx.s.obj
                0x08004c44                RTC_Alarm_IRQHandler
                0x08004c44                EXTI2_IRQHandler
                0x08004c44                TIM8_TRG_COM_IRQHandler
                0x08004c44                TIM8_CC_IRQHandler
                0x08004c44                SPI4_IRQHandler
                0x08004c44                FDCAN3_IT0_IRQHandler
                0x08004c44                TIM1_CC_IRQHandler
                0x08004c44                USB_HP_IRQHandler
                0x08004c44                CORDIC_IRQHandler
                0x08004c44                DMA2_Channel8_IRQHandler
                0x08004c44                EXTI3_IRQHandler
                0x08004c44                I2C3_ER_IRQHandler
                0x08004c44                EXTI0_IRQHandler
                0x08004c44                I2C2_EV_IRQHandler
                0x08004c44                FPU_IRQHandler
                0x08004c44                FDCAN1_IT1_IRQHandler
                0x08004c44                TIM1_UP_TIM16_IRQHandler
                0x08004c44                ADC1_2_IRQHandler
                0x08004c44                SPI1_IRQHandler
                0x08004c44                TIM6_DAC_IRQHandler
                0x08004c44                TIM8_UP_IRQHandler
                0x08004c44                DMA2_Channel2_IRQHandler
                0x08004c44                DMA1_Channel4_IRQHandler
                0x08004c44                TIM20_TRG_COM_IRQHandler
                0x08004c44                USART3_IRQHandler
                0x08004c44                DMA1_Channel7_IRQHandler
                0x08004c44                UART5_IRQHandler
                0x08004c44                ADC3_IRQHandler
                0x08004c44                TIM4_IRQHandler
                0x08004c44                DMA2_Channel1_IRQHandler
                0x08004c44                QUADSPI_IRQHandler
                0x08004c44                I2C1_EV_IRQHandler
                0x08004c44                DMA1_Channel6_IRQHandler
                0x08004c44                UART4_IRQHandler
                0x08004c44                DMA2_Channel4_IRQHandler
                0x08004c44                TIM3_IRQHandler
                0x08004c44                RCC_IRQHandler
                0x08004c44                TIM20_UP_IRQHandler
                0x08004c44                DMA1_Channel1_IRQHandler
                0x08004c44                Default_Handler
                0x08004c44                DMA2_Channel7_IRQHandler
                0x08004c44                RTC_TAMP_LSECSS_IRQHandler
                0x08004c44                FMAC_IRQHandler
                0x08004c44                EXTI15_10_IRQHandler
                0x08004c44                DMA1_Channel8_IRQHandler
                0x08004c44                TIM7_DAC_IRQHandler
                0x08004c44                FDCAN3_IT1_IRQHandler
                0x08004c44                TIM5_IRQHandler
                0x08004c44                UCPD1_IRQHandler
                0x08004c44                I2C3_EV_IRQHandler
                0x08004c44                EXTI9_5_IRQHandler
                0x08004c44                RTC_WKUP_IRQHandler
                0x08004c44                PVD_PVM_IRQHandler
                0x08004c44                SPI2_IRQHandler
                0x08004c44                ADC5_IRQHandler
                0x08004c44                DMA2_Channel5_IRQHandler
                0x08004c44                CRS_IRQHandler
                0x08004c44                DMA1_Channel5_IRQHandler
                0x08004c44                EXTI4_IRQHandler
                0x08004c44                RNG_IRQHandler
                0x08004c44                TIM1_TRG_COM_TIM17_IRQHandler
                0x08004c44                FDCAN2_IT1_IRQHandler
                0x08004c44                DMA1_Channel3_IRQHandler
                0x08004c44                ADC4_IRQHandler
                0x08004c44                WWDG_IRQHandler
                0x08004c44                I2C4_EV_IRQHandler
                0x08004c44                FDCAN2_IT0_IRQHandler
                0x08004c44                LPUART1_IRQHandler
                0x08004c44                DMA2_Channel6_IRQHandler
                0x08004c44                TIM2_IRQHandler
                0x08004c44                COMP7_IRQHandler
                0x08004c44                COMP1_2_3_IRQHandler
                0x08004c44                EXTI1_IRQHandler
                0x08004c44                USART2_IRQHandler
                0x08004c44                COMP4_5_6_IRQHandler
                0x08004c44                TIM20_BRK_IRQHandler
                0x08004c44                I2C2_ER_IRQHandler
                0x08004c44                DMA1_Channel2_IRQHandler
                0x08004c44                TIM8_BRK_IRQHandler
                0x08004c44                FLASH_IRQHandler
                0x08004c44                TIM20_CC_IRQHandler
                0x08004c44                USART1_IRQHandler
                0x08004c44                SPI3_IRQHandler
                0x08004c44                I2C1_ER_IRQHandler
                0x08004c44                FMC_IRQHandler
                0x08004c44                LPTIM1_IRQHandler
                0x08004c44                DMAMUX_OVR_IRQHandler
                0x08004c44                I2C4_ER_IRQHandler
                0x08004c44                USBWakeUp_IRQHandler
                0x08004c44                SAI1_IRQHandler
                0x08004c44                DMA2_Channel3_IRQHandler
                0x08004c44                TIM1_BRK_TIM15_IRQHandler
 *(.glue_7)
 .glue_7        0x08004c46        0x0 linker stubs
 *(.glue_7t)
 .glue_7t       0x08004c46        0x0 linker stubs
 *(.eh_frame)
 *fill*         0x08004c46        0x2 
 .eh_frame      0x08004c48        0x0 /usr/lib/gcc/arm-none-eabi/13.2.1/thumb/v7e-m+fp/hard/crtbegin.o
 *(.init)
 .init          0x08004c48        0x4 /usr/lib/gcc/arm-none-eabi/13.2.1/thumb/v7e-m+fp/hard/crti.o
                0x08004c48                _init
 .init          0x08004c4c        0x8 /usr/lib/gcc/arm-none-eabi/13.2.1/thumb/v7e-m+fp/hard/crtn.o
 *(.fini)
 .fini          0x08004c54        0x4 /usr/lib/gcc/arm-none-eabi/13.2.1/thumb/v7e-m+fp/hard/crti.o
                0x08004c54                _fini
 .fini          0x08004c58        0x8 /usr/lib/gcc/arm-none-eabi/13.2.1/thumb/v7e-m+fp/hard/crtn.o
                0x08004c60                        . = ALIGN (0x4)
                0x08004c60                        _etext = .

.vfp11_veneer   0x08004c60        0x0
 .vfp11_veneer  0x08004c60        0x0 linker stubs

.v4_bx          0x08004c60        0x0
 .v4_bx         0x08004c60        0x0 linker stubs

.iplt           0x08004c60        0x0
 .iplt          0x08004c60        0x0 /usr/lib/gcc/arm-none-eabi/13.2.1/thumb/v7e-m+fp/hard/crtbegin.o

.rodata         0x08004c60       0x6c
                0x08004c60                        . = ALIGN (0x4)
 *(.rodata)
 *(.rodata*)
 .rodata.dlc_size
                0x08004c60       0x10 CMakeFiles/usb-can-robstride.dir/App/Src/app.c.obj
 .rodata.USBD_CDC_ManufacturerStrDescriptor.str1.4
                0x08004c70       0x3a CMakeFiles/usb-can-robstride.dir/USB_Device/App/usbd_desc.c.obj
                                 0x13 (size before relaxing)
 .rodata.USBD_CDC_ProductStrDescriptor.str1.4
                0x08004caa        0xb CMakeFiles/usb-can-robstride.dir/USB_Device/App/usbd_desc.c.obj
 .rodata.USBD_CDC_ConfigStrDescriptor.str1.4
                0x08004caa        0xb CMakeFiles/usb-can-robstride.dir/USB_Device/App/usbd_desc.c.obj
 .rodata.USBD_CDC_InterfaceStrDescriptor.str1.4
                0x08004caa        0xe CMakeFiles/usb-can-robstride.dir/USB_Device/App/usbd_desc.c.obj
 *fill*         0x08004caa        0x2 
 .rodata.DLCtoBytes
                0x08004cac       0x10 CMakeFiles/usb-can-robstride.dir/home/mfact/Toolchain/st/STM32Cube_FW_G4_V1.6.1/Drivers/STM32G4xx_HAL_Driver/Src/stm32g4xx_hal_fdcan.c.obj
 .rodata.AHBPrescTable
                0x08004cbc       0x10 CMakeFiles/usb-can-robstride.dir/Core/Src/system_stm32g4xx.c.obj
                0x08004cbc                AHBPrescTable
                0x08004ccc                        . = ALIGN (0x4)

.ARM.extab
 *(.ARM.extab* .gnu.linkonce.armextab.*)

.ARM            0x08004ccc        0x8
                0x08004ccc                        __exidx_start = .
 *(.ARM.exidx*)
 .ARM.exidx     0x08004ccc        0x8 /usr/lib/gcc/arm-none-eabi/13.2.1/../../../arm-none-eabi/lib/thumb/v7e-m+fp/hard/libg_nano.a(libc_a-strlen.o)
                0x08004cd4                        __exidx_end = .

.rel.dyn        0x08004cd4        0x0
 .rel.iplt      0x08004cd4        0x0 /usr/lib/gcc/arm-none-eabi/13.2.1/thumb/v7e-m+fp/hard/crtbegin.o

.preinit_array  0x08004cd4        0x0
                0x08004cd4                        PROVIDE (__preinit_array_start = .)
 *(.preinit_array*)
                0x08004cd4                        PROVIDE (__preinit_array_end = .)

.init_array     0x08004cd4        0x4
                0x08004cd4                        PROVIDE (__init_array_start = .)
 *(SORT_BY_NAME(.init_array.*))
 *(.init_array*)
 .init_array    0x08004cd4        0x4 /usr/lib/gcc/arm-none-eabi/13.2.1/thumb/v7e-m+fp/hard/crtbegin.o
                0x08004cd8                        PROVIDE (__init_array_end = .)

.fini_array     0x08004cd8        0x4
                0x08004cd8                        PROVIDE (__fini_array_start = .)
 *(SORT_BY_NAME(.fini_array.*))
 *(.fini_array*)
 .fini_array    0x08004cd8        0x4 /usr/lib/gcc/arm-none-eabi/13.2.1/thumb/v7e-m+fp/hard/crtbegin.o
                0x08004cdc                        PROVIDE (__fini_array_end = .)
                0x08004cdc                        _sidata = LOADADDR (.data)

.data           0x20000000      0x184 load address 0x08004cdc
                0x20000000                        . = ALIGN (0x4)
                0x20000000                        _sdata = .
 *(.data)
 *(.data*)
 .data.USBD_StringSerial
                0x20000000       0x1a CMakeFiles/usb-can-robstride.dir/USB_Device/App/usbd_desc.c.obj
                0x20000000                USBD_StringSerial
 *fill*         0x2000001a        0x2 
 .data.USBD_LangIDDesc
                0x2000001c        0x4 CMakeFiles/usb-can-robstride.dir/USB_Device/App/usbd_desc.c.obj
                0x2000001c                USBD_LangIDDesc
 .data.USBD_CDC_DeviceDesc
                0x20000020       0x12 CMakeFiles/usb-can-robstride.dir/USB_Device/App/usbd_desc.c.obj
                0x20000020                USBD_CDC_DeviceDesc
 *fill*         0x20000032        0x2 
 .data.CDC_Desc
                0x20000034       0x20 CMakeFiles/usb-can-robstride.dir/USB_Device/App/usbd_desc.c.obj
                0x20000034                CDC_Desc
 .data.USBD_Interface_fops_FS
                0x20000054       0x14 CMakeFiles/usb-can-robstride.dir/USB_Device/App/usbd_cdc_if.c.obj
                0x20000054                USBD_Interface_fops_FS
 .data.uwTickFreq
                0x20000068        0x4 CMakeFiles/usb-can-robstride.dir/home/mfact/Toolchain/st/STM32Cube_FW_G4_V1.6.1/Drivers/STM32G4xx_HAL_Driver/Src/stm32g4xx_hal.c.obj
                0x20000068                uwTickFreq
 .data.uwTickPrio
                0x2000006c        0x4 CMakeFiles/usb-can-robstride.dir/home/mfact/Toolchain/st/STM32Cube_FW_G4_V1.6.1/Drivers/STM32G4xx_HAL_Driver/Src/stm32g4xx_hal.c.obj
                0x2000006c                uwTickPrio
 .data.SystemCoreClock
                0x20000070        0x4 CMakeFiles/usb-can-robstride.dir/Core/Src/system_stm32g4xx.c.obj
                0x20000070                SystemCoreClock
 .data.USBD_CDC_OtherSpeedCfgDesc
                0x20000074       0x43 CMakeFiles/usb-can-robstride.dir/home/mfact/Toolchain/st/STM32Cube_FW_G4_V1.6.1/Middlewares/ST/STM32_USB_Device_Library/Class/CDC/Src/usbd_cdc.c.obj
 *fill*         0x200000b7        0x1 
 .data.USBD_CDC_CfgFSDesc
                0x200000b8       0x43 CMakeFiles/usb-can-robstride.dir/home/mfact/Toolchain/st/STM32Cube_FW_G4_V1.6.1/Middlewares/ST/STM32_USB_Device_Library/Class/CDC/Src/usbd_cdc.c.obj
 *fill*         0x200000fb        0x1 
 .data.USBD_CDC_CfgHSDesc
                0x200000fc       0x43 CMakeFiles/usb-can-robstride.dir/home/mfact/Toolchain/st/STM32Cube_FW_G4_V1.6.1/Middlewares/ST/STM32_USB_Device_Library/Class/CDC/Src/usbd_cdc.c.obj
 *fill*         0x2000013f        0x1 
 .data.USBD_CDC
                0x20000140       0x38 CMakeFiles/usb-can-robstride.dir/home/mfact/Toolchain/st/STM32Cube_FW_G4_V1.6.1/Middlewares/ST/STM32_USB_Device_Library/Class/CDC/Src/usbd_cdc.c.obj
                0x20000140                USBD_CDC
 .data.USBD_CDC_DeviceQualifierDesc
                0x20000178        0xa CMakeFiles/usb-can-robstride.dir/home/mfact/Toolchain/st/STM32Cube_FW_G4_V1.6.1/Middlewares/ST/STM32_USB_Device_Library/Class/CDC/Src/usbd_cdc.c.obj
                0x20000184                        . = ALIGN (0x4)
 *fill*         0x20000182        0x2 
                0x20000184                        _edata = .

.tm_clone_table
                0x20000184        0x0 load address 0x08004e60
 .tm_clone_table
                0x20000184        0x0 /usr/lib/gcc/arm-none-eabi/13.2.1/thumb/v7e-m+fp/hard/crtbegin.o
 .tm_clone_table
                0x20000184        0x0 /usr/lib/gcc/arm-none-eabi/13.2.1/thumb/v7e-m+fp/hard/crtend.o

.igot.plt       0x20000184        0x0 load address 0x08004e60
 .igot.plt      0x20000184        0x0 /usr/lib/gcc/arm-none-eabi/13.2.1/thumb/v7e-m+fp/hard/crtbegin.o
                0x20000184                        . = ALIGN (0x4)

.bss            0x20000188     0x1ae4 load address 0x08004e60
                0x20000188                        _sbss = .
                0x20000188                        __bss_start__ = _sbss
 *(.bss)
 .bss           0x20000188       0x1c /usr/lib/gcc/arm-none-eabi/13.2.1/thumb/v7e-m+fp/hard/crtbegin.o
 *(.bss*)
 .bss.rx_data   0x200001a4       0x42 CMakeFiles/usb-can-robstride.dir/App/Src/app.c.obj
 *fill*         0x200001e6        0x2 
 .bss.rx_header
                0x200001e8       0x28 CMakeFiles/usb-can-robstride.dir/App/Src/app.c.obj
 .bss.tx_header
                0x20000210       0x24 CMakeFiles/usb-can-robstride.dir/App/Src/app.c.obj
 .bss.hfdcan1   0x20000234       0x64 CMakeFiles/usb-can-robstride.dir/Core/Src/main.c.obj
                0x20000234                hfdcan1
 .bss.hUsbDeviceFS
                0x20000298      0x2d0 CMakeFiles/usb-can-robstride.dir/USB_Device/App/usb_device.c.obj
                0x20000298                hUsbDeviceFS
 .bss.USBD_StrDesc
                0x20000568      0x200 CMakeFiles/usb-can-robstride.dir/USB_Device/App/usbd_desc.c.obj
                0x20000568                USBD_StrDesc
 .bss.UserTxBufferFS
                0x20000768      0x800 CMakeFiles/usb-can-robstride.dir/USB_Device/App/usbd_cdc_if.c.obj
                0x20000768                UserTxBufferFS
 .bss.UserRxBufferFS
                0x20000f68      0x800 CMakeFiles/usb-can-robstride.dir/USB_Device/App/usbd_cdc_if.c.obj
                0x20000f68                UserRxBufferFS
 .bss.mem.0     0x20001768      0x220 CMakeFiles/usb-can-robstride.dir/USB_Device/Target/usbd_conf.c.obj
 .bss.hpcd_USB_FS
                0x20001988      0x2dc CMakeFiles/usb-can-robstride.dir/USB_Device/Target/usbd_conf.c.obj
                0x20001988                hpcd_USB_FS
 .bss.uwTick    0x20001c64        0x4 CMakeFiles/usb-can-robstride.dir/home/mfact/Toolchain/st/STM32Cube_FW_G4_V1.6.1/Drivers/STM32G4xx_HAL_Driver/Src/stm32g4xx_hal.c.obj
                0x20001c64                uwTick
 .bss.cfgidx.0  0x20001c68        0x1 CMakeFiles/usb-can-robstride.dir/home/mfact/Toolchain/st/STM32Cube_FW_G4_V1.6.1/Middlewares/ST/STM32_USB_Device_Library/Core/Src/usbd_ctlreq.c.obj
 *(COMMON)
                0x20001c6c                        . = ALIGN (0x4)
 *fill*         0x20001c69        0x3 
                0x20001c6c                        _ebss = .
                0x20001c6c                        __bss_end__ = _ebss

._user_heap_stack
                0x20001c6c      0x604 load address 0x08004e60
                0x20001c70                        . = ALIGN (0x8)
 *fill*         0x20001c6c        0x4 
                [!provide]                        PROVIDE (end = .)
                0x20001c70                        PROVIDE (_end = .)
                0x20001e70                        . = (. + _Min_Heap_Size)
 *fill*         0x20001c70      0x200 
                0x20002270                        . = (. + _Min_Stack_Size)
 *fill*         0x20001e70      0x400 
                0x20002270                        . = ALIGN (0x8)

/DISCARD/
 libc.a(*)
 libm.a(*)
 libgcc.a(*)
OUTPUT(usb-can-robstride.elf elf32-littlearm)
LOAD linker stubs
LOAD /usr/lib/gcc/arm-none-eabi/13.2.1/../../../arm-none-eabi/lib/thumb/v7e-m+fp/hard/libc.a
LOAD /usr/lib/gcc/arm-none-eabi/13.2.1/../../../arm-none-eabi/lib/thumb/v7e-m+fp/hard/libm.a
LOAD /usr/lib/gcc/arm-none-eabi/13.2.1/thumb/v7e-m+fp/hard/libgcc.a

.ARM.attributes
                0x00000000       0x30
 .ARM.attributes
                0x00000000       0x22 /usr/lib/gcc/arm-none-eabi/13.2.1/thumb/v7e-m+fp/hard/crti.o
 .ARM.attributes
                0x00000022       0x34 /usr/lib/gcc/arm-none-eabi/13.2.1/thumb/v7e-m+fp/hard/crtbegin.o
 .ARM.attributes
                0x00000056       0x34 /usr/lib/gcc/arm-none-eabi/13.2.1/../../../arm-none-eabi/lib/thumb/v7e-m+fp/hard/libc_nano.a(libc_a-init.o)
 .ARM.attributes
                0x0000008a       0x34 /usr/lib/gcc/arm-none-eabi/13.2.1/../../../arm-none-eabi/lib/thumb/v7e-m+fp/hard/libc_nano.a(libc_a-memset.o)
 .ARM.attributes
                0x000000be       0x34 CMakeFiles/usb-can-robstride.dir/App/Src/app.c.obj
 .ARM.attributes
                0x000000f2       0x34 CMakeFiles/usb-can-robstride.dir/Core/Src/main.c.obj
 .ARM.attributes
                0x00000126       0x34 CMakeFiles/usb-can-robstride.dir/Core/Src/stm32g4xx_it.c.obj
 .ARM.attributes
                0x0000015a       0x34 CMakeFiles/usb-can-robstride.dir/Core/Src/stm32g4xx_hal_msp.c.obj
 .ARM.attributes
                0x0000018e       0x34 CMakeFiles/usb-can-robstride.dir/USB_Device/App/usb_device.c.obj
 .ARM.attributes
                0x000001c2       0x34 CMakeFiles/usb-can-robstride.dir/USB_Device/App/usbd_desc.c.obj
 .ARM.attributes
                0x000001f6       0x34 CMakeFiles/usb-can-robstride.dir/USB_Device/App/usbd_cdc_if.c.obj
 .ARM.attributes
                0x0000022a       0x34 CMakeFiles/usb-can-robstride.dir/USB_Device/Target/usbd_conf.c.obj
 .ARM.attributes
                0x0000025e       0x34 CMakeFiles/usb-can-robstride.dir/home/mfact/Toolchain/st/STM32Cube_FW_G4_V1.6.1/Drivers/STM32G4xx_HAL_Driver/Src/stm32g4xx_hal_pcd.c.obj
 .ARM.attributes
                0x00000292       0x34 CMakeFiles/usb-can-robstride.dir/home/mfact/Toolchain/st/STM32Cube_FW_G4_V1.6.1/Drivers/STM32G4xx_HAL_Driver/Src/stm32g4xx_hal_pcd_ex.c.obj
 .ARM.attributes
                0x000002c6       0x34 CMakeFiles/usb-can-robstride.dir/home/mfact/Toolchain/st/STM32Cube_FW_G4_V1.6.1/Drivers/STM32G4xx_HAL_Driver/Src/stm32g4xx_ll_usb.c.obj
 .ARM.attributes
                0x000002fa       0x34 CMakeFiles/usb-can-robstride.dir/home/mfact/Toolchain/st/STM32Cube_FW_G4_V1.6.1/Drivers/STM32G4xx_HAL_Driver/Src/stm32g4xx_hal.c.obj
 .ARM.attributes
                0x0000032e       0x34 CMakeFiles/usb-can-robstride.dir/home/mfact/Toolchain/st/STM32Cube_FW_G4_V1.6.1/Drivers/STM32G4xx_HAL_Driver/Src/stm32g4xx_hal_rcc.c.obj
 .ARM.attributes
                0x00000362       0x34 CMakeFiles/usb-can-robstride.dir/home/mfact/Toolchain/st/STM32Cube_FW_G4_V1.6.1/Drivers/STM32G4xx_HAL_Driver/Src/stm32g4xx_hal_rcc_ex.c.obj
 .ARM.attributes
                0x00000396       0x34 CMakeFiles/usb-can-robstride.dir/home/mfact/Toolchain/st/STM32Cube_FW_G4_V1.6.1/Drivers/STM32G4xx_HAL_Driver/Src/stm32g4xx_hal_gpio.c.obj
 .ARM.attributes
                0x000003ca       0x34 CMakeFiles/usb-can-robstride.dir/home/mfact/Toolchain/st/STM32Cube_FW_G4_V1.6.1/Drivers/STM32G4xx_HAL_Driver/Src/stm32g4xx_hal_pwr_ex.c.obj
 .ARM.attributes
                0x000003fe       0x34 CMakeFiles/usb-can-robstride.dir/home/mfact/Toolchain/st/STM32Cube_FW_G4_V1.6.1/Drivers/STM32G4xx_HAL_Driver/Src/stm32g4xx_hal_cortex.c.obj
 .ARM.attributes
                0x00000432       0x34 CMakeFiles/usb-can-robstride.dir/home/mfact/Toolchain/st/STM32Cube_FW_G4_V1.6.1/Drivers/STM32G4xx_HAL_Driver/Src/stm32g4xx_hal_fdcan.c.obj
 .ARM.attributes
                0x00000466       0x34 CMakeFiles/usb-can-robstride.dir/Core/Src/system_stm32g4xx.c.obj
 .ARM.attributes
                0x0000049a       0x34 CMakeFiles/usb-can-robstride.dir/home/mfact/Toolchain/st/STM32Cube_FW_G4_V1.6.1/Middlewares/ST/STM32_USB_Device_Library/Core/Src/usbd_core.c.obj
 .ARM.attributes
                0x000004ce       0x34 CMakeFiles/usb-can-robstride.dir/home/mfact/Toolchain/st/STM32Cube_FW_G4_V1.6.1/Middlewares/ST/STM32_USB_Device_Library/Core/Src/usbd_ctlreq.c.obj
 .ARM.attributes
                0x00000502       0x34 CMakeFiles/usb-can-robstride.dir/home/mfact/Toolchain/st/STM32Cube_FW_G4_V1.6.1/Middlewares/ST/STM32_USB_Device_Library/Core/Src/usbd_ioreq.c.obj
 .ARM.attributes
                0x00000536       0x34 CMakeFiles/usb-can-robstride.dir/home/mfact/Toolchain/st/STM32Cube_FW_G4_V1.6.1/Middlewares/ST/STM32_USB_Device_Library/Class/CDC/Src/usbd_cdc.c.obj
 .ARM.attributes
                0x0000056a       0x21 CMakeFiles/usb-can-robstride.dir/startup_stm32g473xx.s.obj
 .ARM.attributes
                0x0000058b       0x1c /usr/lib/gcc/arm-none-eabi/13.2.1/../../../arm-none-eabi/lib/thumb/v7e-m+fp/hard/libg_nano.a(libc_a-strlen.o)
 .ARM.attributes
                0x000005a7       0x34 /usr/lib/gcc/arm-none-eabi/13.2.1/thumb/v7e-m+fp/hard/crtend.o
 .ARM.attributes
                0x000005db       0x22 /usr/lib/gcc/arm-none-eabi/13.2.1/thumb/v7e-m+fp/hard/crtn.o

.comment        0x00000000       0x26
 .comment       0x00000000       0x26 /usr/lib/gcc/arm-none-eabi/13.2.1/thumb/v7e-m+fp/hard/crtbegin.o
                                 0x27 (size before relaxing)
 .comment       0x00000026       0x27 /usr/lib/gcc/arm-none-eabi/13.2.1/../../../arm-none-eabi/lib/thumb/v7e-m+fp/hard/libc_nano.a(libc_a-init.o)
 .comment       0x00000026       0x27 /usr/lib/gcc/arm-none-eabi/13.2.1/../../../arm-none-eabi/lib/thumb/v7e-m+fp/hard/libc_nano.a(libc_a-memset.o)
 .comment       0x00000026       0x27 CMakeFiles/usb-can-robstride.dir/App/Src/app.c.obj
 .comment       0x00000026       0x27 CMakeFiles/usb-can-robstride.dir/Core/Src/main.c.obj
 .comment       0x00000026       0x27 CMakeFiles/usb-can-robstride.dir/Core/Src/stm32g4xx_it.c.obj
 .comment       0x00000026       0x27 CMakeFiles/usb-can-robstride.dir/Core/Src/stm32g4xx_hal_msp.c.obj
 .comment       0x00000026       0x27 CMakeFiles/usb-can-robstride.dir/USB_Device/App/usb_device.c.obj
 .comment       0x00000026       0x27 CMakeFiles/usb-can-robstride.dir/USB_Device/App/usbd_desc.c.obj
 .comment       0x00000026       0x27 CMakeFiles/usb-can-robstride.dir/USB_Device/App/usbd_cdc_if.c.obj
 .comment       0x00000026       0x27 CMakeFiles/usb-can-robstride.dir/USB_Device/Target/usbd_conf.c.obj
 .comment       0x00000026       0x27 CMakeFiles/usb-can-robstride.dir/home/mfact/Toolchain/st/STM32Cube_FW_G4_V1.6.1/Drivers/STM32G4xx_HAL_Driver/Src/stm32g4xx_hal_pcd.c.obj
 .comment       0x00000026       0x27 CMakeFiles/usb-can-robstride.dir/home/mfact/Toolchain/st/STM32Cube_FW_G4_V1.6.1/Drivers/STM32G4xx_HAL_Driver/Src/stm32g4xx_hal_pcd_ex.c.obj
 .comment       0x00000026       0x27 CMakeFiles/usb-can-robstride.dir/home/mfact/Toolchain/st/STM32Cube_FW_G4_V1.6.1/Drivers/STM32G4xx_HAL_Driver/Src/stm32g4xx_ll_usb.c.obj
 .comment       0x00000026       0x27 CMakeFiles/usb-can-robstride.dir/home/mfact/Toolchain/st/STM32Cube_FW_G4_V1.6.1/Drivers/STM32G4xx_HAL_Driver/Src/stm32g4xx_hal.c.obj
 .comment       0x00000026       0x27 CMakeFiles/usb-can-robstride.dir/home/mfact/Toolchain/st/STM32Cube_FW_G4_V1.6.1/Drivers/STM32G4xx_HAL_Driver/Src/stm32g4xx_hal_rcc.c.obj
 .comment       0x00000026       0x27 CMakeFiles/usb-can-robstride.dir/home/mfact/Toolchain/st/STM32Cube_FW_G4_V1.6.1/Drivers/STM32G4xx_HAL_Driver/Src/stm32g4xx_hal_rcc_ex.c.obj
 .comment       0x00000026       0x27 CMakeFiles/usb-can-robstride.dir/home/mfact/Toolchain/st/STM32Cube_FW_G4_V1.6.1/Drivers/STM32G4xx_HAL_Driver/Src/stm32g4xx_hal_gpio.c.obj
 .comment       0x00000026       0x27 CMakeFiles/usb-can-robstride.dir/home/mfact/Toolchain/st/STM32Cube_FW_G4_V1.6.1/Drivers/STM32G4xx_HAL_Driver/Src/stm32g4xx_hal_pwr_ex.c.obj
 .comment       0x00000026       0x27 CMakeFiles/usb-can-robstride.dir/home/mfact/Toolchain/st/STM32Cube_FW_G4_V1.6.1/Drivers/STM32G4xx_HAL_Driver/Src/stm32g4xx_hal_cortex.c.obj
 .comment       0x00000026       0x27 CMakeFiles/usb-can-robstride.dir/home/mfact/Toolchain/st/STM32Cube_FW_G4_V1.6.1/Drivers/STM32G4xx_HAL_Driver/Src/stm32g4xx_hal_fdcan.c.obj
 .comment       0x00000026       0x27 CMakeFiles/usb-can-robstride.dir/Core/Src/system_stm32g4xx.c.obj
 .comment       0x00000026       0x27 CMakeFiles/usb-can-robstride.dir/home/mfact/Toolchain/st/STM32Cube_FW_G4_V1.6.1/Middlewares/ST/STM32_USB_Device_Library/Core/Src/usbd_core.c.obj
 .comment       0x00000026       0x27 CMakeFiles/usb-can-robstride.dir/home/mfact/Toolchain/st/STM32Cube_FW_G4_V1.6.1/Middlewares/ST/STM32_USB_Device_Library/Core/Src/usbd_ctlreq.c.obj
 .comment       0x00000026       0x27 CMakeFiles/usb-can-robstride.dir/home/mfact/Toolchain/st/STM32Cube_FW_G4_V1.6.1/Middlewares/ST/STM32_USB_Device_Library/Core/Src/usbd_ioreq.c.obj
 .comment       0x00000026       0x27 CMakeFiles/usb-can-robstride.dir/home/mfact/Toolchain/st/STM32Cube_FW_G4_V1.6.1/Middlewares/ST/STM32_USB_Device_Library/Class/CDC/Src/usbd_cdc.c.obj
 .comment       0x00000026       0x27 /usr/lib/gcc/arm-none-eabi/13.2.1/thumb/v7e-m+fp/hard/crtend.o

.debug_info     0x00000000      0x273
 .debug_info    0x00000000      0x10b /usr/lib/gcc/arm-none-eabi/13.2.1/../../../arm-none-eabi/lib/thumb/v7e-m+fp/hard/libc_nano.a(libc_a-init.o)
 .debug_info    0x0000010b      0x135 /usr/lib/gcc/arm-none-eabi/13.2.1/../../../arm-none-eabi/lib/thumb/v7e-m+fp/hard/libc_nano.a(libc_a-memset.o)
 .debug_info    0x00000240       0x33 /usr/lib/gcc/arm-none-eabi/13.2.1/../../../arm-none-eabi/lib/thumb/v7e-m+fp/hard/libg_nano.a(libc_a-strlen.o)

.debug_abbrev   0x00000000      0x1a8
 .debug_abbrev  0x00000000       0xc9 /usr/lib/gcc/arm-none-eabi/13.2.1/../../../arm-none-eabi/lib/thumb/v7e-m+fp/hard/libc_nano.a(libc_a-init.o)
 .debug_abbrev  0x000000c9       0xb7 /usr/lib/gcc/arm-none-eabi/13.2.1/../../../arm-none-eabi/lib/thumb/v7e-m+fp/hard/libc_nano.a(libc_a-memset.o)
 .debug_abbrev  0x00000180       0x28 /usr/lib/gcc/arm-none-eabi/13.2.1/../../../arm-none-eabi/lib/thumb/v7e-m+fp/hard/libg_nano.a(libc_a-strlen.o)

.debug_loclists
                0x00000000      0x227
 .debug_loclists
                0x00000000       0x65 /usr/lib/gcc/arm-none-eabi/13.2.1/../../../arm-none-eabi/lib/thumb/v7e-m+fp/hard/libc_nano.a(libc_a-init.o)
 .debug_loclists
                0x00000065      0x1c2 /usr/lib/gcc/arm-none-eabi/13.2.1/../../../arm-none-eabi/lib/thumb/v7e-m+fp/hard/libc_nano.a(libc_a-memset.o)

.debug_aranges  0x00000000       0x60
 .debug_aranges
                0x00000000       0x20 /usr/lib/gcc/arm-none-eabi/13.2.1/../../../arm-none-eabi/lib/thumb/v7e-m+fp/hard/libc_nano.a(libc_a-init.o)
 .debug_aranges
                0x00000020       0x20 /usr/lib/gcc/arm-none-eabi/13.2.1/../../../arm-none-eabi/lib/thumb/v7e-m+fp/hard/libc_nano.a(libc_a-memset.o)
 .debug_aranges
                0x00000040       0x20 /usr/lib/gcc/arm-none-eabi/13.2.1/../../../arm-none-eabi/lib/thumb/v7e-m+fp/hard/libg_nano.a(libc_a-strlen.o)

.debug_line     0x00000000      0x35a
 .debug_line    0x00000000      0x11e /usr/lib/gcc/arm-none-eabi/13.2.1/../../../arm-none-eabi/lib/thumb/v7e-m+fp/hard/libc_nano.a(libc_a-init.o)
 .debug_line    0x0000011e      0x1b6 /usr/lib/gcc/arm-none-eabi/13.2.1/../../../arm-none-eabi/lib/thumb/v7e-m+fp/hard/libc_nano.a(libc_a-memset.o)
 .debug_line    0x000002d4       0x86 /usr/lib/gcc/arm-none-eabi/13.2.1/../../../arm-none-eabi/lib/thumb/v7e-m+fp/hard/libg_nano.a(libc_a-strlen.o)

.debug_str      0x00000000      0x256
 .debug_str     0x00000000      0x256 /usr/lib/gcc/arm-none-eabi/13.2.1/../../../arm-none-eabi/lib/thumb/v7e-m+fp/hard/libc_nano.a(libc_a-init.o)
                                0x1fa (size before relaxing)
 .debug_str     0x00000256      0x1ad /usr/lib/gcc/arm-none-eabi/13.2.1/../../../arm-none-eabi/lib/thumb/v7e-m+fp/hard/libc_nano.a(libc_a-memset.o)
 .debug_str     0x00000256       0xab /usr/lib/gcc/arm-none-eabi/13.2.1/../../../arm-none-eabi/lib/thumb/v7e-m+fp/hard/libg_nano.a(libc_a-strlen.o)

.debug_frame    0x00000000       0x58
 .debug_frame   0x00000000       0x2c /usr/lib/gcc/arm-none-eabi/13.2.1/../../../arm-none-eabi/lib/thumb/v7e-m+fp/hard/libc_nano.a(libc_a-init.o)
 .debug_frame   0x0000002c       0x2c /usr/lib/gcc/arm-none-eabi/13.2.1/../../../arm-none-eabi/lib/thumb/v7e-m+fp/hard/libc_nano.a(libc_a-memset.o)

.debug_line_str
                0x00000000       0x98
 .debug_line_str
                0x00000000       0x98 /usr/lib/gcc/arm-none-eabi/13.2.1/../../../arm-none-eabi/lib/thumb/v7e-m+fp/hard/libg_nano.a(libc_a-strlen.o)
